Collecting pyside6==6.5.2
  Downloading PySide6-6.5.2-cp37-abi3-macosx_10_9_universal2.whl.metadata (5.1 kB)
Collecting PySide6-Fluent-Widgets==1.5.4
  Downloading PySide6_Fluent_Widgets-1.5.4-py3-none-any.whl.metadata (5.3 kB)
Collecting pynput==1.7.6
  Downloading pynput-1.7.6-py2.py3-none-any.whl.metadata (30 kB)
Collecting tendo
  Downloading tendo-0.3.0-py3-none-any.whl.metadata (3.2 kB)
Collecting shiboken6==6.5.2 (from pyside6==6.5.2)
  Downloading shiboken6-6.5.2-cp37-abi3-macosx_10_9_universal2.whl.metadata (2.3 kB)
Collecting PySide6-Essentials==6.5.2 (from pyside6==6.5.2)
  Downloading PySide6_Essentials-6.5.2-cp37-abi3-macosx_10_9_universal2.whl.metadata (3.5 kB)
Collecting PySide6-Addons==6.5.2 (from pyside6==6.5.2)
  Downloading PySide6_Addons-6.5.2-cp37-abi3-macosx_10_9_universal2.whl.metadata (3.7 kB)
Collecting PySideSix-Frameless-Window>=0.3.1 (from PySide6-Fluent-Widgets==1.5.4)
  Downloading pysidesix_frameless_window-0.8.1-py3-none-any.whl.metadata (5.5 kB)
Collecting darkdetect (from PySide6-Fluent-Widgets==1.5.4)
  Downloading darkdetect-0.8.0-py3-none-any.whl.metadata (3.6 kB)
Collecting six (from pynput==1.7.6)
  Using cached six-1.17.0-py2.py3-none-any.whl.metadata (1.7 kB)
Collecting pyobjc-framework-ApplicationServices>=8.0 (from pynput==1.7.6)
  Downloading pyobjc_framework_applicationservices-12.0.tar.gz (103 kB)
  Installing build dependencies: started
  Installing build dependencies: finished with status 'done'
  Getting requirements to build wheel: started
  Getting requirements to build wheel: finished with status 'done'
  Preparing metadata (pyproject.toml): started
  Preparing metadata (pyproject.toml): finished with status 'done'
Collecting pyobjc-framework-Quartz>=8.0 (from pynput==1.7.6)
  Using cached pyobjc_framework_quartz-12.0-cp39-cp39-macosx_10_9_universal2.whl
INFO: pip is looking at multiple versions of pyobjc-framework-applicationservices to determine which version is compatible with other requirements. This could take a while.
Collecting pyobjc-framework-ApplicationServices>=8.0 (from pynput==1.7.6)
  Using cached pyobjc_framework_applicationservices-11.1-cp39-cp39-macosx_10_9_universal2.whl.metadata (2.7 kB)
Collecting pyobjc-core>=11.1 (from pyobjc-framework-ApplicationServices>=8.0->pynput==1.7.6)
  Using cached pyobjc_core-11.1-cp39-cp39-macosx_10_9_universal2.whl.metadata (2.7 kB)
Collecting pyobjc-framework-Cocoa>=11.1 (from pyobjc-framework-ApplicationServices>=8.0->pynput==1.7.6)
  Using cached pyobjc_framework_cocoa-12.0-cp39-cp39-macosx_10_9_universal2.whl
Collecting pyobjc-framework-CoreText>=11.1 (from pyobjc-framework-ApplicationServices>=8.0->pynput==1.7.6)
  Downloading pyobjc_framework_coretext-12.0.tar.gz (90 kB)
  Installing build dependencies: started
  Installing build dependencies: finished with status 'done'
  Getting requirements to build wheel: started
  Getting requirements to build wheel: finished with status 'done'
  Preparing metadata (pyproject.toml): started
  Preparing metadata (pyproject.toml): finished with status 'done'
INFO: pip is looking at multiple versions of pyobjc-framework-cocoa to determine which version is compatible with other requirements. This could take a while.
Collecting pyobjc-framework-Cocoa>=11.1 (from pyobjc-framework-ApplicationServices>=8.0->pynput==1.7.6)
  Using cached pyobjc_framework_cocoa-11.1-cp39-cp39-macosx_10_9_universal2.whl.metadata (2.5 kB)
INFO: pip is looking at multiple versions of pyobjc-framework-coretext to determine which version is compatible with other requirements. This could take a while.
Collecting pyobjc-framework-CoreText>=11.1 (from pyobjc-framework-ApplicationServices>=8.0->pynput==1.7.6)
  Downloading pyobjc_framework_coretext-11.1-cp39-cp39-macosx_10_9_universal2.whl.metadata (2.7 kB)
INFO: pip is looking at multiple versions of pyobjc-framework-quartz to determine which version is compatible with other requirements. This could take a while.
Collecting pyobjc-framework-Quartz>=8.0 (from pynput==1.7.6)
  Downloading pyobjc_framework_quartz-11.1-cp39-cp39-macosx_10_9_universal2.whl.metadata (3.5 kB)
Collecting pyobjc (from PySideSix-Frameless-Window>=0.3.1->PySide6-Fluent-Widgets==1.5.4)
  Using cached pyobjc-11.1-py3-none-any.whl.metadata (25 kB)
Collecting PyCocoa (from PySideSix-Frameless-Window>=0.3.1->PySide6-Fluent-Widgets==1.5.4)
  Using cached pycocoa-25.12.4-py2.py3-none-any.whl.metadata (8.7 kB)
Collecting pyobjc-framework-libdispatch==11.1 (from pyobjc->PySideSix-Frameless-Window>=0.3.1->PySide6-Fluent-Widgets==1.5.4)
  Using cached pyobjc_framework_libdispatch-11.1-cp39-cp39-macosx_10_9_universal2.whl.metadata (2.4 kB)
Collecting pyobjc-framework-libxpc==11.1 (from pyobjc->PySideSix-Frameless-Window>=0.3.1->PySide6-Fluent-Widgets==1.5.4)
  Using cached pyobjc_framework_libxpc-11.1-cp39-cp39-macosx_10_9_universal2.whl.metadata (2.4 kB)
Collecting pyobjc-framework-Accessibility==11.1 (from pyobjc->PySideSix-Frameless-Window>=0.3.1->PySide6-Fluent-Widgets==1.5.4)
  Using cached pyobjc_framework_accessibility-11.1-cp39-cp39-macosx_10_9_universal2.whl.metadata (2.5 kB)
Collecting pyobjc-framework-AdServices==11.1 (from pyobjc->PySideSix-Frameless-Window>=0.3.1->PySide6-Fluent-Widgets==1.5.4)
  Using cached pyobjc_framework_adservices-11.1-py2.py3-none-any.whl.metadata (2.4 kB)
Collecting pyobjc-framework-AdSupport==11.1 (from pyobjc->PySideSix-Frameless-Window>=0.3.1->PySide6-Fluent-Widgets==1.5.4)
  Using cached pyobjc_framework_adsupport-11.1-py2.py3-none-any.whl.metadata (2.4 kB)
Collecting pyobjc-framework-AppTrackingTransparency==11.1 (from pyobjc->PySideSix-Frameless-Window>=0.3.1->PySide6-Fluent-Widgets==1.5.4)
  Using cached pyobjc_framework_apptrackingtransparency-11.1-py2.py3-none-any.whl.metadata (2.5 kB)
Collecting pyobjc-framework-AudioVideoBridging==11.1 (from pyobjc->PySideSix-Frameless-Window>=0.3.1->PySide6-Fluent-Widgets==1.5.4)
  Using cached pyobjc_framework_audiovideobridging-11.1-cp39-cp39-macosx_10_9_universal2.whl.metadata (2.5 kB)
Collecting pyobjc-framework-AuthenticationServices==11.1 (from pyobjc->PySideSix-Frameless-Window>=0.3.1->PySide6-Fluent-Widgets==1.5.4)
  Using cached pyobjc_framework_authenticationservices-11.1-cp39-cp39-macosx_10_9_universal2.whl.metadata (2.5 kB)
Collecting pyobjc-framework-AutomaticAssessmentConfiguration==11.1 (from pyobjc->PySideSix-Frameless-Window>=0.3.1->PySide6-Fluent-Widgets==1.5.4)
  Using cached pyobjc_framework_automaticassessmentconfiguration-11.1-cp39-cp39-macosx_10_9_universal2.whl.metadata (2.5 kB)
Collecting pyobjc-framework-AVKit==11.1 (from pyobjc->PySideSix-Frameless-Window>=0.3.1->PySide6-Fluent-Widgets==1.5.4)
  Using cached pyobjc_framework_avkit-11.1-cp39-cp39-macosx_10_9_universal2.whl.metadata (2.5 kB)
Collecting pyobjc-framework-AVFoundation==11.1 (from pyobjc->PySideSix-Frameless-Window>=0.3.1->PySide6-Fluent-Widgets==1.5.4)
  Using cached pyobjc_framework_avfoundation-11.1-cp39-cp39-macosx_10_9_universal2.whl.metadata (2.6 kB)
Collecting pyobjc-framework-AVRouting==11.1 (from pyobjc->PySideSix-Frameless-Window>=0.3.1->PySide6-Fluent-Widgets==1.5.4)
  Using cached pyobjc_framework_avrouting-11.1-cp39-cp39-macosx_10_9_universal2.whl.metadata (2.4 kB)
Collecting pyobjc-framework-Accounts==11.1 (from pyobjc->PySideSix-Frameless-Window>=0.3.1->PySide6-Fluent-Widgets==1.5.4)
  Using cached pyobjc_framework_accounts-11.1-py2.py3-none-any.whl.metadata (2.5 kB)
Collecting pyobjc-framework-AddressBook==11.1 (from pyobjc->PySideSix-Frameless-Window>=0.3.1->PySide6-Fluent-Widgets==1.5.4)
  Using cached pyobjc_framework_addressbook-11.1-cp39-cp39-macosx_10_9_universal2.whl.metadata (2.6 kB)
Collecting pyobjc-framework-AppleScriptKit==11.1 (from pyobjc->PySideSix-Frameless-Window>=0.3.1->PySide6-Fluent-Widgets==1.5.4)
  Using cached pyobjc_framework_applescriptkit-11.1-py2.py3-none-any.whl.metadata (2.5 kB)
Collecting pyobjc-framework-AppleScriptObjC==11.1 (from pyobjc->PySideSix-Frameless-Window>=0.3.1->PySide6-Fluent-Widgets==1.5.4)
  Using cached pyobjc_framework_applescriptobjc-11.1-py2.py3-none-any.whl.metadata (2.6 kB)
Collecting pyobjc-framework-Automator==11.1 (from pyobjc->PySideSix-Frameless-Window>=0.3.1->PySide6-Fluent-Widgets==1.5.4)
  Using cached pyobjc_framework_automator-11.1-cp39-cp39-macosx_10_9_universal2.whl.metadata (2.7 kB)
Collecting pyobjc-framework-BackgroundAssets==11.1 (from pyobjc->PySideSix-Frameless-Window>=0.3.1->PySide6-Fluent-Widgets==1.5.4)
  Using cached pyobjc_framework_backgroundassets-11.1-cp39-cp39-macosx_10_9_universal2.whl.metadata (2.5 kB)
Collecting pyobjc-framework-BrowserEngineKit==11.1 (from pyobjc->PySideSix-Frameless-Window>=0.3.1->PySide6-Fluent-Widgets==1.5.4)
  Using cached pyobjc_framework_browserenginekit-11.1-cp39-cp39-macosx_10_9_universal2.whl.metadata (2.6 kB)
Collecting pyobjc-framework-BusinessChat==11.1 (from pyobjc->PySideSix-Frameless-Window>=0.3.1->PySide6-Fluent-Widgets==1.5.4)
  Using cached pyobjc_framework_businesschat-11.1-py2.py3-none-any.whl.metadata (2.4 kB)
Collecting pyobjc-framework-CFNetwork==11.1 (from pyobjc->PySideSix-Frameless-Window>=0.3.1->PySide6-Fluent-Widgets==1.5.4)
  Using cached pyobjc_framework_cfnetwork-11.1-cp39-cp39-macosx_10_9_universal2.whl.metadata (2.7 kB)
Collecting pyobjc-framework-CalendarStore==11.1 (from pyobjc->PySideSix-Frameless-Window>=0.3.1->PySide6-Fluent-Widgets==1.5.4)
  Using cached pyobjc_framework_calendarstore-11.1-py2.py3-none-any.whl.metadata (2.7 kB)
Collecting pyobjc-framework-CallKit==11.1 (from pyobjc->PySideSix-Frameless-Window>=0.3.1->PySide6-Fluent-Widgets==1.5.4)
  Using cached pyobjc_framework_callkit-11.1-cp39-cp39-macosx_10_9_universal2.whl.metadata (2.4 kB)
Collecting pyobjc-framework-Carbon==11.1 (from pyobjc->PySideSix-Frameless-Window>=0.3.1->PySide6-Fluent-Widgets==1.5.4)
  Using cached pyobjc_framework_carbon-11.1-py2.py3-none-any.whl.metadata (2.4 kB)
Collecting pyobjc-framework-Cinematic==11.1 (from pyobjc->PySideSix-Frameless-Window>=0.3.1->PySide6-Fluent-Widgets==1.5.4)
  Using cached pyobjc_framework_cinematic-11.1-py2.py3-none-any.whl.metadata (2.6 kB)
Collecting pyobjc-framework-ClassKit==11.1 (from pyobjc->PySideSix-Frameless-Window>=0.3.1->PySide6-Fluent-Widgets==1.5.4)
  Using cached pyobjc_framework_classkit-11.1-cp39-cp39-macosx_10_9_universal2.whl.metadata (2.4 kB)
Collecting pyobjc-framework-CloudKit==11.1 (from pyobjc->PySideSix-Frameless-Window>=0.3.1->PySide6-Fluent-Widgets==1.5.4)
  Using cached pyobjc_framework_cloudkit-11.1-py2.py3-none-any.whl.metadata (2.6 kB)
Collecting pyobjc-framework-Collaboration==11.1 (from pyobjc->PySideSix-Frameless-Window>=0.3.1->PySide6-Fluent-Widgets==1.5.4)
  Using cached pyobjc_framework_collaboration-11.1-py2.py3-none-any.whl.metadata (2.6 kB)
Collecting pyobjc-framework-ColorSync==11.1 (from pyobjc->PySideSix-Frameless-Window>=0.3.1->PySide6-Fluent-Widgets==1.5.4)
  Using cached pyobjc_framework_colorsync-11.1-py2.py3-none-any.whl.metadata (2.4 kB)
Collecting pyobjc-framework-Contacts==11.1 (from pyobjc->PySideSix-Frameless-Window>=0.3.1->PySide6-Fluent-Widgets==1.5.4)
  Using cached pyobjc_framework_contacts-11.1-cp39-cp39-macosx_10_9_universal2.whl.metadata (2.4 kB)
Collecting pyobjc-framework-ContactsUI==11.1 (from pyobjc->PySideSix-Frameless-Window>=0.3.1->PySide6-Fluent-Widgets==1.5.4)
  Using cached pyobjc_framework_contactsui-11.1-cp39-cp39-macosx_10_9_universal2.whl.metadata (2.5 kB)
Collecting pyobjc-framework-CoreAudio==11.1 (from pyobjc->PySideSix-Frameless-Window>=0.3.1->PySide6-Fluent-Widgets==1.5.4)
  Using cached pyobjc_framework_coreaudio-11.1-cp39-cp39-macosx_10_9_universal2.whl.metadata (2.4 kB)
Collecting pyobjc-framework-CoreAudioKit==11.1 (from pyobjc->PySideSix-Frameless-Window>=0.3.1->PySide6-Fluent-Widgets==1.5.4)
  Using cached pyobjc_framework_coreaudiokit-11.1-cp39-cp39-macosx_10_9_universal2.whl.metadata (2.5 kB)
Collecting pyobjc-framework-CoreBluetooth==11.1 (from pyobjc->PySideSix-Frameless-Window>=0.3.1->PySide6-Fluent-Widgets==1.5.4)
  Using cached pyobjc_framework_corebluetooth-11.1-cp39-cp39-macosx_10_9_universal2.whl.metadata (2.5 kB)
Collecting pyobjc-framework-CoreData==11.1 (from pyobjc->PySideSix-Frameless-Window>=0.3.1->PySide6-Fluent-Widgets==1.5.4)
  Using cached pyobjc_framework_coredata-11.1-cp39-cp39-macosx_10_9_universal2.whl.metadata (2.6 kB)
Collecting pyobjc-framework-CoreHaptics==11.1 (from pyobjc->PySideSix-Frameless-Window>=0.3.1->PySide6-Fluent-Widgets==1.5.4)
  Downloading pyobjc_framework_corehaptics-11.1-py2.py3-none-any.whl.metadata (2.4 kB)
Collecting pyobjc-framework-CoreLocation==11.1 (from pyobjc->PySideSix-Frameless-Window>=0.3.1->PySide6-Fluent-Widgets==1.5.4)
  Downloading pyobjc_framework_corelocation-11.1-cp39-cp39-macosx_10_9_universal2.whl.metadata (2.6 kB)
Collecting pyobjc-framework-CoreMedia==11.1 (from pyobjc->PySideSix-Frameless-Window>=0.3.1->PySide6-Fluent-Widgets==1.5.4)
  Downloading pyobjc_framework_coremedia-11.1-cp39-cp39-macosx_10_9_universal2.whl.metadata (2.4 kB)
Collecting pyobjc-framework-CoreMediaIO==11.1 (from pyobjc->PySideSix-Frameless-Window>=0.3.1->PySide6-Fluent-Widgets==1.5.4)
  Downloading pyobjc_framework_coremediaio-11.1-cp39-cp39-macosx_10_9_universal2.whl.metadata (2.4 kB)
Collecting pyobjc-framework-CoreMIDI==11.1 (from pyobjc->PySideSix-Frameless-Window>=0.3.1->PySide6-Fluent-Widgets==1.5.4)
  Downloading pyobjc_framework_coremidi-11.1-cp39-cp39-macosx_10_9_universal2.whl.metadata (2.4 kB)
Collecting pyobjc-framework-CoreML==11.1 (from pyobjc->PySideSix-Frameless-Window>=0.3.1->PySide6-Fluent-Widgets==1.5.4)
  Downloading pyobjc_framework_coreml-11.1-cp39-cp39-macosx_10_9_universal2.whl.metadata (2.4 kB)
Collecting pyobjc-framework-CoreMotion==11.1 (from pyobjc->PySideSix-Frameless-Window>=0.3.1->PySide6-Fluent-Widgets==1.5.4)
  Downloading pyobjc_framework_coremotion-11.1-cp39-cp39-macosx_10_9_universal2.whl.metadata (2.4 kB)
Collecting pyobjc-framework-CoreServices==11.1 (from pyobjc->PySideSix-Frameless-Window>=0.3.1->PySide6-Fluent-Widgets==1.5.4)
  Downloading pyobjc_framework_coreservices-11.1-cp39-cp39-macosx_10_9_universal2.whl.metadata (2.6 kB)
Collecting pyobjc-framework-CoreSpotlight==11.1 (from pyobjc->PySideSix-Frameless-Window>=0.3.1->PySide6-Fluent-Widgets==1.5.4)
  Downloading pyobjc_framework_corespotlight-11.1-cp39-cp39-macosx_10_9_universal2.whl.metadata (2.4 kB)
Collecting pyobjc-framework-CoreWLAN==11.1 (from pyobjc->PySideSix-Frameless-Window>=0.3.1->PySide6-Fluent-Widgets==1.5.4)
  Downloading pyobjc_framework_corewlan-11.1-cp39-cp39-macosx_10_9_universal2.whl.metadata (2.4 kB)
Collecting pyobjc-framework-CryptoTokenKit==11.1 (from pyobjc->PySideSix-Frameless-Window>=0.3.1->PySide6-Fluent-Widgets==1.5.4)
  Downloading pyobjc_framework_cryptotokenkit-11.1-cp39-cp39-macosx_10_9_universal2.whl.metadata (2.5 kB)
Collecting pyobjc-framework-DataDetection==11.1 (from pyobjc->PySideSix-Frameless-Window>=0.3.1->PySide6-Fluent-Widgets==1.5.4)
  Downloading pyobjc_framework_datadetection-11.1-py2.py3-none-any.whl.metadata (2.4 kB)
Collecting pyobjc-framework-DeviceCheck==11.1 (from pyobjc->PySideSix-Frameless-Window>=0.3.1->PySide6-Fluent-Widgets==1.5.4)
  Downloading pyobjc_framework_devicecheck-11.1-py2.py3-none-any.whl.metadata (2.5 kB)
Collecting pyobjc-framework-DeviceDiscoveryExtension==11.1 (from pyobjc->PySideSix-Frameless-Window>=0.3.1->PySide6-Fluent-Widgets==1.5.4)
  Downloading pyobjc_framework_devicediscoveryextension-11.1-py2.py3-none-any.whl.metadata (2.5 kB)
Collecting pyobjc-framework-DictionaryServices==11.1 (from pyobjc->PySideSix-Frameless-Window>=0.3.1->PySide6-Fluent-Widgets==1.5.4)
  Downloading pyobjc_framework_dictionaryservices-11.1-py2.py3-none-any.whl.metadata (2.3 kB)
Collecting pyobjc-framework-DiscRecording==11.1 (from pyobjc->PySideSix-Frameless-Window>=0.3.1->PySide6-Fluent-Widgets==1.5.4)
  Downloading pyobjc_framework_discrecording-11.1-cp39-cp39-macosx_10_9_universal2.whl.metadata (2.4 kB)
Collecting pyobjc-framework-DiscRecordingUI==11.1 (from pyobjc->PySideSix-Frameless-Window>=0.3.1->PySide6-Fluent-Widgets==1.5.4)
  Downloading pyobjc_framework_discrecordingui-11.1-py2.py3-none-any.whl.metadata (2.5 kB)
Collecting pyobjc-framework-DiskArbitration==11.1 (from pyobjc->PySideSix-Frameless-Window>=0.3.1->PySide6-Fluent-Widgets==1.5.4)
  Downloading pyobjc_framework_diskarbitration-11.1-py2.py3-none-any.whl.metadata (2.4 kB)
Collecting pyobjc-framework-DVDPlayback==11.1 (from pyobjc->PySideSix-Frameless-Window>=0.3.1->PySide6-Fluent-Widgets==1.5.4)
  Downloading pyobjc_framework_dvdplayback-11.1-py2.py3-none-any.whl.metadata (2.4 kB)
Collecting pyobjc-framework-EventKit==11.1 (from pyobjc->PySideSix-Frameless-Window>=0.3.1->PySide6-Fluent-Widgets==1.5.4)
  Downloading pyobjc_framework_eventkit-11.1-py2.py3-none-any.whl.metadata (2.5 kB)
Collecting pyobjc-framework-ExceptionHandling==11.1 (from pyobjc->PySideSix-Frameless-Window>=0.3.1->PySide6-Fluent-Widgets==1.5.4)
  Downloading pyobjc_framework_exceptionhandling-11.1-py2.py3-none-any.whl.metadata (2.8 kB)
Collecting pyobjc-framework-ExecutionPolicy==11.1 (from pyobjc->PySideSix-Frameless-Window>=0.3.1->PySide6-Fluent-Widgets==1.5.4)
  Downloading pyobjc_framework_executionpolicy-11.1-py2.py3-none-any.whl.metadata (2.5 kB)
Collecting pyobjc-framework-ExternalAccessory==11.1 (from pyobjc->PySideSix-Frameless-Window>=0.3.1->PySide6-Fluent-Widgets==1.5.4)
  Downloading pyobjc_framework_externalaccessory-11.1-cp39-cp39-macosx_10_9_universal2.whl.metadata (2.5 kB)
Collecting pyobjc-framework-ExtensionKit==11.1 (from pyobjc->PySideSix-Frameless-Window>=0.3.1->PySide6-Fluent-Widgets==1.5.4)
  Downloading pyobjc_framework_extensionkit-11.1-cp39-cp39-macosx_10_9_universal2.whl.metadata (2.4 kB)
Collecting pyobjc-framework-FileProvider==11.1 (from pyobjc->PySideSix-Frameless-Window>=0.3.1->PySide6-Fluent-Widgets==1.5.4)
  Downloading pyobjc_framework_fileprovider-11.1-cp39-cp39-macosx_10_9_universal2.whl.metadata (2.4 kB)
Collecting pyobjc-framework-FileProviderUI==11.1 (from pyobjc->PySideSix-Frameless-Window>=0.3.1->PySide6-Fluent-Widgets==1.5.4)
  Downloading pyobjc_framework_fileproviderui-11.1-py2.py3-none-any.whl.metadata (2.5 kB)
Collecting pyobjc-framework-FSEvents==11.1 (from pyobjc->PySideSix-Frameless-Window>=0.3.1->PySide6-Fluent-Widgets==1.5.4)
  Downloading pyobjc_framework_fsevents-11.1-cp39-cp39-macosx_10_9_universal2.whl.metadata (2.6 kB)
Collecting pyobjc-framework-FSKit==11.1 (from pyobjc->PySideSix-Frameless-Window>=0.3.1->PySide6-Fluent-Widgets==1.5.4)
  Downloading pyobjc_framework_fskit-11.1-cp39-cp39-macosx_10_9_universal2.whl.metadata (2.4 kB)
Collecting pyobjc-framework-FinderSync==11.1 (from pyobjc->PySideSix-Frameless-Window>=0.3.1->PySide6-Fluent-Widgets==1.5.4)
  Downloading pyobjc_framework_findersync-11.1-py2.py3-none-any.whl.metadata (2.5 kB)
Collecting pyobjc-framework-GameCenter==11.1 (from pyobjc->PySideSix-Frameless-Window>=0.3.1->PySide6-Fluent-Widgets==1.5.4)
  Downloading pyobjc_framework_gamecenter-11.1-cp39-cp39-macosx_10_9_universal2.whl.metadata (2.4 kB)
Collecting pyobjc-framework-GameController==11.1 (from pyobjc->PySideSix-Frameless-Window>=0.3.1->PySide6-Fluent-Widgets==1.5.4)
  Downloading pyobjc_framework_gamecontroller-11.1-cp39-cp39-macosx_10_9_universal2.whl.metadata (2.5 kB)
Collecting pyobjc-framework-HealthKit==11.1 (from pyobjc->PySideSix-Frameless-Window>=0.3.1->PySide6-Fluent-Widgets==1.5.4)
  Downloading pyobjc_framework_healthkit-11.1-cp39-cp39-macosx_10_9_universal2.whl.metadata (2.4 kB)
Collecting pyobjc-framework-InputMethodKit==11.1 (from pyobjc->PySideSix-Frameless-Window>=0.3.1->PySide6-Fluent-Widgets==1.5.4)
  Downloading pyobjc_framework_inputmethodkit-11.1-cp39-cp39-macosx_10_9_universal2.whl.metadata (2.6 kB)
Collecting pyobjc-framework-ImageCaptureCore==11.1 (from pyobjc->PySideSix-Frameless-Window>=0.3.1->PySide6-Fluent-Widgets==1.5.4)
  Downloading pyobjc_framework_imagecapturecore-11.1-cp39-cp39-macosx_10_9_universal2.whl.metadata (2.5 kB)
Collecting pyobjc-framework-Intents==11.1 (from pyobjc->PySideSix-Frameless-Window>=0.3.1->PySide6-Fluent-Widgets==1.5.4)
  Downloading pyobjc_framework_intents-11.1-cp39-cp39-macosx_10_9_universal2.whl.metadata (2.4 kB)
Collecting pyobjc-framework-IntentsUI==11.1 (from pyobjc->PySideSix-Frameless-Window>=0.3.1->PySide6-Fluent-Widgets==1.5.4)
  Downloading pyobjc_framework_intentsui-11.1-cp39-cp39-macosx_10_9_universal2.whl.metadata (2.4 kB)
Collecting pyobjc-framework-InstallerPlugins==11.1 (from pyobjc->PySideSix-Frameless-Window>=0.3.1->PySide6-Fluent-Widgets==1.5.4)
  Downloading pyobjc_framework_installerplugins-11.1-py2.py3-none-any.whl.metadata (2.7 kB)
Collecting pyobjc-framework-InstantMessage==11.1 (from pyobjc->PySideSix-Frameless-Window>=0.3.1->PySide6-Fluent-Widgets==1.5.4)
  Downloading pyobjc_framework_instantmessage-11.1-py2.py3-none-any.whl.metadata (2.8 kB)
Collecting pyobjc-framework-IOBluetooth==11.1 (from pyobjc->PySideSix-Frameless-Window>=0.3.1->PySide6-Fluent-Widgets==1.5.4)
  Downloading pyobjc_framework_iobluetooth-11.1-cp39-cp39-macosx_10_9_universal2.whl.metadata (2.4 kB)
Collecting pyobjc-framework-IOBluetoothUI==11.1 (from pyobjc->PySideSix-Frameless-Window>=0.3.1->PySide6-Fluent-Widgets==1.5.4)
  Downloading pyobjc_framework_iobluetoothui-11.1-py2.py3-none-any.whl.metadata (2.4 kB)
Collecting pyobjc-framework-IOSurface==11.1 (from pyobjc->PySideSix-Frameless-Window>=0.3.1->PySide6-Fluent-Widgets==1.5.4)
  Downloading pyobjc_framework_iosurface-11.1-py2.py3-none-any.whl.metadata (2.4 kB)
Collecting pyobjc-framework-KernelManagement==11.1 (from pyobjc->PySideSix-Frameless-Window>=0.3.1->PySide6-Fluent-Widgets==1.5.4)
  Downloading pyobjc_framework_kernelmanagement-11.1-py2.py3-none-any.whl.metadata (2.5 kB)
Collecting pyobjc-framework-LatentSemanticMapping==11.1 (from pyobjc->PySideSix-Frameless-Window>=0.3.1->PySide6-Fluent-Widgets==1.5.4)
  Downloading pyobjc_framework_latentsemanticmapping-11.1-py2.py3-none-any.whl.metadata (2.8 kB)
Collecting pyobjc-framework-LaunchServices==11.1 (from pyobjc->PySideSix-Frameless-Window>=0.3.1->PySide6-Fluent-Widgets==1.5.4)
  Downloading pyobjc_framework_launchservices-11.1-py2.py3-none-any.whl.metadata (2.3 kB)
Collecting pyobjc-framework-LinkPresentation==11.1 (from pyobjc->PySideSix-Frameless-Window>=0.3.1->PySide6-Fluent-Widgets==1.5.4)
  Downloading pyobjc_framework_linkpresentation-11.1-py2.py3-none-any.whl.metadata (2.5 kB)
Collecting pyobjc-framework-LocalAuthentication==11.1 (from pyobjc->PySideSix-Frameless-Window>=0.3.1->PySide6-Fluent-Widgets==1.5.4)
  Downloading pyobjc_framework_localauthentication-11.1-cp39-cp39-macosx_10_9_universal2.whl.metadata (2.6 kB)
Collecting pyobjc-framework-LocalAuthenticationEmbeddedUI==11.1 (from pyobjc->PySideSix-Frameless-Window>=0.3.1->PySide6-Fluent-Widgets==1.5.4)
  Downloading pyobjc_framework_localauthenticationembeddedui-11.1-py2.py3-none-any.whl.metadata (2.6 kB)
Collecting pyobjc-framework-MailKit==11.1 (from pyobjc->PySideSix-Frameless-Window>=0.3.1->PySide6-Fluent-Widgets==1.5.4)
  Downloading pyobjc_framework_mailkit-11.1-py2.py3-none-any.whl.metadata (2.4 kB)
Collecting pyobjc-framework-MapKit==11.1 (from pyobjc->PySideSix-Frameless-Window>=0.3.1->PySide6-Fluent-Widgets==1.5.4)
  Downloading pyobjc_framework_mapkit-11.1-cp39-cp39-macosx_10_9_universal2.whl.metadata (2.6 kB)
Collecting pyobjc-framework-MediaAccessibility==11.1 (from pyobjc->PySideSix-Frameless-Window>=0.3.1->PySide6-Fluent-Widgets==1.5.4)
  Downloading pyobjc_framework_mediaaccessibility-11.1-py2.py3-none-any.whl.metadata (2.5 kB)
Collecting pyobjc-framework-MediaExtension==11.1 (from pyobjc->PySideSix-Frameless-Window>=0.3.1->PySide6-Fluent-Widgets==1.5.4)
  Downloading pyobjc_framework_mediaextension-11.1-cp39-cp39-macosx_10_9_universal2.whl.metadata (2.5 kB)
Collecting pyobjc-framework-MediaLibrary==11.1 (from pyobjc->PySideSix-Frameless-Window>=0.3.1->PySide6-Fluent-Widgets==1.5.4)
  Downloading pyobjc_framework_medialibrary-11.1-py2.py3-none-any.whl.metadata (2.5 kB)
Collecting pyobjc-framework-MediaPlayer==11.1 (from pyobjc->PySideSix-Frameless-Window>=0.3.1->PySide6-Fluent-Widgets==1.5.4)
  Downloading pyobjc_framework_mediaplayer-11.1-py2.py3-none-any.whl.metadata (2.4 kB)
Collecting pyobjc-framework-MediaToolbox==11.1 (from pyobjc->PySideSix-Frameless-Window>=0.3.1->PySide6-Fluent-Widgets==1.5.4)
  Downloading pyobjc_framework_mediatoolbox-11.1-cp39-cp39-macosx_10_9_universal2.whl.metadata (2.4 kB)
Collecting pyobjc-framework-Metal==11.1 (from pyobjc->PySideSix-Frameless-Window>=0.3.1->PySide6-Fluent-Widgets==1.5.4)
  Downloading pyobjc_framework_metal-11.1-cp39-cp39-macosx_10_9_universal2.whl.metadata (2.4 kB)
Collecting pyobjc-framework-MetalFX==11.1 (from pyobjc->PySideSix-Frameless-Window>=0.3.1->PySide6-Fluent-Widgets==1.5.4)
  Downloading pyobjc_framework_metalfx-11.1-cp39-cp39-macosx_10_9_universal2.whl.metadata (2.4 kB)
Collecting pyobjc-framework-MetalKit==11.1 (from pyobjc->PySideSix-Frameless-Window>=0.3.1->PySide6-Fluent-Widgets==1.5.4)
  Downloading pyobjc_framework_metalkit-11.1-cp39-cp39-macosx_10_9_universal2.whl.metadata (2.5 kB)
Collecting pyobjc-framework-MetalPerformanceShaders==11.1 (from pyobjc->PySideSix-Frameless-Window>=0.3.1->PySide6-Fluent-Widgets==1.5.4)
  Downloading pyobjc_framework_metalperformanceshaders-11.1-cp39-cp39-macosx_10_9_universal2.whl.metadata (2.5 kB)
Collecting pyobjc-framework-MetalPerformanceShadersGraph==11.1 (from pyobjc->PySideSix-Frameless-Window>=0.3.1->PySide6-Fluent-Widgets==1.5.4)
  Downloading pyobjc_framework_metalperformanceshadersgraph-11.1-py2.py3-none-any.whl.metadata (2.5 kB)
Collecting pyobjc-framework-MetricKit==11.1 (from pyobjc->PySideSix-Frameless-Window>=0.3.1->PySide6-Fluent-Widgets==1.5.4)
  Downloading pyobjc_framework_metrickit-11.1-cp39-cp39-macosx_10_9_universal2.whl.metadata (2.4 kB)
Collecting pyobjc-framework-MLCompute==11.1 (from pyobjc->PySideSix-Frameless-Window>=0.3.1->PySide6-Fluent-Widgets==1.5.4)
  Downloading pyobjc_framework_mlcompute-11.1-py2.py3-none-any.whl.metadata (2.4 kB)
Collecting pyobjc-framework-ModelIO==11.1 (from pyobjc->PySideSix-Frameless-Window>=0.3.1->PySide6-Fluent-Widgets==1.5.4)
  Downloading pyobjc_framework_modelio-11.1-cp39-cp39-macosx_10_9_universal2.whl.metadata (2.5 kB)
Collecting pyobjc-framework-MultipeerConnectivity==11.1 (from pyobjc->PySideSix-Frameless-Window>=0.3.1->PySide6-Fluent-Widgets==1.5.4)
  Downloading pyobjc_framework_multipeerconnectivity-11.1-cp39-cp39-macosx_10_9_universal2.whl.metadata (2.5 kB)
Collecting pyobjc-framework-NaturalLanguage==11.1 (from pyobjc->PySideSix-Frameless-Window>=0.3.1->PySide6-Fluent-Widgets==1.5.4)
  Downloading pyobjc_framework_naturallanguage-11.1-py2.py3-none-any.whl.metadata (2.5 kB)
Collecting pyobjc-framework-NetFS==11.1 (from pyobjc->PySideSix-Frameless-Window>=0.3.1->PySide6-Fluent-Widgets==1.5.4)
  Downloading pyobjc_framework_netfs-11.1-py2.py3-none-any.whl.metadata (2.4 kB)
Collecting pyobjc-framework-Network==11.1 (from pyobjc->PySideSix-Frameless-Window>=0.3.1->PySide6-Fluent-Widgets==1.5.4)
  Downloading pyobjc_framework_network-11.1-cp39-cp39-macosx_10_9_universal2.whl.metadata (2.4 kB)
Collecting pyobjc-framework-NetworkExtension==11.1 (from pyobjc->PySideSix-Frameless-Window>=0.3.1->PySide6-Fluent-Widgets==1.5.4)
  Downloading pyobjc_framework_networkextension-11.1-cp39-cp39-macosx_10_9_universal2.whl.metadata (2.5 kB)
Collecting pyobjc-framework-NotificationCenter==11.1 (from pyobjc->PySideSix-Frameless-Window>=0.3.1->PySide6-Fluent-Widgets==1.5.4)
  Downloading pyobjc_framework_notificationcenter-11.1-cp39-cp39-macosx_10_9_universal2.whl.metadata (2.5 kB)
Collecting pyobjc-framework-OpenDirectory==11.1 (from pyobjc->PySideSix-Frameless-Window>=0.3.1->PySide6-Fluent-Widgets==1.5.4)
  Downloading pyobjc_framework_opendirectory-11.1-py2.py3-none-any.whl.metadata (2.5 kB)
Collecting pyobjc-framework-OSAKit==11.1 (from pyobjc->PySideSix-Frameless-Window>=0.3.1->PySide6-Fluent-Widgets==1.5.4)
  Downloading pyobjc_framework_osakit-11.1-py2.py3-none-any.whl.metadata (2.4 kB)
Collecting pyobjc-framework-OSLog==11.1 (from pyobjc->PySideSix-Frameless-Window>=0.3.1->PySide6-Fluent-Widgets==1.5.4)
  Downloading pyobjc_framework_oslog-11.1-cp39-cp39-macosx_10_9_universal2.whl.metadata (2.5 kB)
Collecting pyobjc-framework-PassKit==11.1 (from pyobjc->PySideSix-Frameless-Window>=0.3.1->PySide6-Fluent-Widgets==1.5.4)
  Downloading pyobjc_framework_passkit-11.1-cp39-cp39-macosx_10_9_universal2.whl.metadata (2.4 kB)
Collecting pyobjc-framework-PencilKit==11.1 (from pyobjc->PySideSix-Frameless-Window>=0.3.1->PySide6-Fluent-Widgets==1.5.4)
  Downloading pyobjc_framework_pencilkit-11.1-py2.py3-none-any.whl.metadata (2.4 kB)
Collecting pyobjc-framework-PHASE==11.1 (from pyobjc->PySideSix-Frameless-Window>=0.3.1->PySide6-Fluent-Widgets==1.5.4)
  Downloading pyobjc_framework_phase-11.1-py2.py3-none-any.whl.metadata (2.4 kB)
Collecting pyobjc-framework-Photos==11.1 (from pyobjc->PySideSix-Frameless-Window>=0.3.1->PySide6-Fluent-Widgets==1.5.4)
  Downloading pyobjc_framework_photos-11.1-cp39-cp39-macosx_10_9_universal2.whl.metadata (2.4 kB)
Collecting pyobjc-framework-PhotosUI==11.1 (from pyobjc->PySideSix-Frameless-Window>=0.3.1->PySide6-Fluent-Widgets==1.5.4)
  Downloading pyobjc_framework_photosui-11.1-cp39-cp39-macosx_10_9_universal2.whl.metadata (2.4 kB)
Collecting pyobjc-framework-PreferencePanes==11.1 (from pyobjc->PySideSix-Frameless-Window>=0.3.1->PySide6-Fluent-Widgets==1.5.4)
  Downloading pyobjc_framework_preferencepanes-11.1-py2.py3-none-any.whl.metadata (2.6 kB)
Collecting pyobjc-framework-PushKit==11.1 (from pyobjc->PySideSix-Frameless-Window>=0.3.1->PySide6-Fluent-Widgets==1.5.4)
  Downloading pyobjc_framework_pushkit-11.1-cp39-cp39-macosx_10_9_universal2.whl.metadata (2.4 kB)
Collecting pyobjc-framework-QuickLookThumbnailing==11.1 (from pyobjc->PySideSix-Frameless-Window>=0.3.1->PySide6-Fluent-Widgets==1.5.4)
  Downloading pyobjc_framework_quicklookthumbnailing-11.1-py2.py3-none-any.whl.metadata (2.5 kB)
Collecting pyobjc-framework-ReplayKit==11.1 (from pyobjc->PySideSix-Frameless-Window>=0.3.1->PySide6-Fluent-Widgets==1.5.4)
  Downloading pyobjc_framework_replaykit-11.1-cp39-cp39-macosx_10_9_universal2.whl.metadata (2.4 kB)
Collecting pyobjc-framework-SafetyKit==11.1 (from pyobjc->PySideSix-Frameless-Window>=0.3.1->PySide6-Fluent-Widgets==1.5.4)
  Downloading pyobjc_framework_safetykit-11.1-cp39-cp39-macosx_10_9_universal2.whl.metadata (2.5 kB)
Collecting pyobjc-framework-SafariServices==11.1 (from pyobjc->PySideSix-Frameless-Window>=0.3.1->PySide6-Fluent-Widgets==1.5.4)
  Downloading pyobjc_framework_safariservices-11.1-cp39-cp39-macosx_10_9_universal2.whl.metadata (2.4 kB)
Collecting pyobjc-framework-ScreenSaver==11.1 (from pyobjc->PySideSix-Frameless-Window>=0.3.1->PySide6-Fluent-Widgets==1.5.4)
  Downloading pyobjc_framework_screensaver-11.1-cp39-cp39-macosx_10_9_universal2.whl.metadata (2.5 kB)
Collecting pyobjc-framework-ScreenTime==11.1 (from pyobjc->PySideSix-Frameless-Window>=0.3.1->PySide6-Fluent-Widgets==1.5.4)
  Downloading pyobjc_framework_screentime-11.1-py2.py3-none-any.whl.metadata (2.4 kB)
Collecting pyobjc-framework-ScriptingBridge==11.1 (from pyobjc->PySideSix-Frameless-Window>=0.3.1->PySide6-Fluent-Widgets==1.5.4)
  Downloading pyobjc_framework_scriptingbridge-11.1-cp39-cp39-macosx_10_9_universal2.whl.metadata (2.8 kB)
Collecting pyobjc-framework-Security==11.1 (from pyobjc->PySideSix-Frameless-Window>=0.3.1->PySide6-Fluent-Widgets==1.5.4)
  Downloading pyobjc_framework_security-11.1-cp39-cp39-macosx_10_9_universal2.whl.metadata (2.4 kB)
Collecting pyobjc-framework-SecurityFoundation==11.1 (from pyobjc->PySideSix-Frameless-Window>=0.3.1->PySide6-Fluent-Widgets==1.5.4)
  Downloading pyobjc_framework_securityfoundation-11.1-py2.py3-none-any.whl.metadata (2.5 kB)
Collecting pyobjc-framework-SecurityInterface==11.1 (from pyobjc->PySideSix-Frameless-Window>=0.3.1->PySide6-Fluent-Widgets==1.5.4)
  Downloading pyobjc_framework_securityinterface-11.1-cp39-cp39-macosx_10_9_universal2.whl.metadata (2.5 kB)
Collecting pyobjc-framework-SecurityUI==11.1 (from pyobjc->PySideSix-Frameless-Window>=0.3.1->PySide6-Fluent-Widgets==1.5.4)
  Downloading pyobjc_framework_securityui-11.1-py2.py3-none-any.whl.metadata (2.5 kB)
Collecting pyobjc-framework-SearchKit==11.1 (from pyobjc->PySideSix-Frameless-Window>=0.3.1->PySide6-Fluent-Widgets==1.5.4)
  Downloading pyobjc_framework_searchkit-11.1-py2.py3-none-any.whl.metadata (2.3 kB)
Collecting pyobjc-framework-ServiceManagement==11.1 (from pyobjc->PySideSix-Frameless-Window>=0.3.1->PySide6-Fluent-Widgets==1.5.4)
  Downloading pyobjc_framework_servicemanagement-11.1-py2.py3-none-any.whl.metadata (2.7 kB)
Collecting pyobjc-framework-ShazamKit==11.1 (from pyobjc->PySideSix-Frameless-Window>=0.3.1->PySide6-Fluent-Widgets==1.5.4)
  Downloading pyobjc_framework_shazamkit-11.1-cp39-cp39-macosx_10_9_universal2.whl.metadata (2.4 kB)
Collecting pyobjc-framework-Social==11.1 (from pyobjc->PySideSix-Frameless-Window>=0.3.1->PySide6-Fluent-Widgets==1.5.4)
  Downloading pyobjc_framework_social-11.1-py2.py3-none-any.whl.metadata (2.3 kB)
Collecting pyobjc-framework-Speech==11.1 (from pyobjc->PySideSix-Frameless-Window>=0.3.1->PySide6-Fluent-Widgets==1.5.4)
  Downloading pyobjc_framework_speech-11.1-cp39-cp39-macosx_10_9_universal2.whl.metadata (2.4 kB)
Collecting pyobjc-framework-SpriteKit==11.1 (from pyobjc->PySideSix-Frameless-Window>=0.3.1->PySide6-Fluent-Widgets==1.5.4)
  Downloading pyobjc_framework_spritekit-11.1-cp39-cp39-macosx_10_9_universal2.whl.metadata (2.5 kB)
Collecting pyobjc-framework-StoreKit==11.1 (from pyobjc->PySideSix-Frameless-Window>=0.3.1->PySide6-Fluent-Widgets==1.5.4)
  Downloading pyobjc_framework_storekit-11.1-cp39-cp39-macosx_10_9_universal2.whl.metadata (2.4 kB)
Collecting pyobjc-framework-SyncServices==11.1 (from pyobjc->PySideSix-Frameless-Window>=0.3.1->PySide6-Fluent-Widgets==1.5.4)
  Downloading pyobjc_framework_syncservices-11.1-cp39-cp39-macosx_10_9_universal2.whl.metadata (2.8 kB)
Collecting pyobjc-framework-SystemConfiguration==11.1 (from pyobjc->PySideSix-Frameless-Window>=0.3.1->PySide6-Fluent-Widgets==1.5.4)
  Downloading pyobjc_framework_systemconfiguration-11.1-cp39-cp39-macosx_10_9_universal2.whl.metadata (2.5 kB)
Collecting pyobjc-framework-WebKit==11.1 (from pyobjc->PySideSix-Frameless-Window>=0.3.1->PySide6-Fluent-Widgets==1.5.4)
  Downloading pyobjc_framework_webkit-11.1-cp39-cp39-macosx_10_9_universal2.whl.metadata (2.6 kB)
Collecting pyobjc-framework-GameKit==11.1 (from pyobjc->PySideSix-Frameless-Window>=0.3.1->PySide6-Fluent-Widgets==1.5.4)
  Downloading pyobjc_framework_gamekit-11.1-cp39-cp39-macosx_10_9_universal2.whl.metadata (2.5 kB)
Collecting pyobjc-framework-GameplayKit==11.1 (from pyobjc->PySideSix-Frameless-Window>=0.3.1->PySide6-Fluent-Widgets==1.5.4)
  Downloading pyobjc_framework_gameplaykit-11.1-cp39-cp39-macosx_10_9_universal2.whl.metadata (2.5 kB)
Collecting pyobjc-framework-SceneKit==11.1 (from pyobjc->PySideSix-Frameless-Window>=0.3.1->PySide6-Fluent-Widgets==1.5.4)
  Downloading pyobjc_framework_scenekit-11.1-cp39-cp39-macosx_10_9_universal2.whl.metadata (2.5 kB)
Collecting pyobjc-framework-SensitiveContentAnalysis==11.1 (from pyobjc->PySideSix-Frameless-Window>=0.3.1->PySide6-Fluent-Widgets==1.5.4)
  Downloading pyobjc_framework_sensitivecontentanalysis-11.1-py2.py3-none-any.whl.metadata (2.5 kB)
Collecting pyobjc-framework-SharedWithYouCore==11.1 (from pyobjc->PySideSix-Frameless-Window>=0.3.1->PySide6-Fluent-Widgets==1.5.4)
  Downloading pyobjc_framework_sharedwithyoucore-11.1-cp39-cp39-macosx_10_9_universal2.whl.metadata (2.5 kB)
Collecting pyobjc-framework-SharedWithYou==11.1 (from pyobjc->PySideSix-Frameless-Window>=0.3.1->PySide6-Fluent-Widgets==1.5.4)
  Downloading pyobjc_framework_sharedwithyou-11.1-cp39-cp39-macosx_10_9_universal2.whl.metadata (2.5 kB)
Collecting pyobjc-framework-SoundAnalysis==11.1 (from pyobjc->PySideSix-Frameless-Window>=0.3.1->PySide6-Fluent-Widgets==1.5.4)
  Downloading pyobjc_framework_soundanalysis-11.1-py2.py3-none-any.whl.metadata (2.4 kB)
Collecting pyobjc-framework-ScreenCaptureKit==11.1 (from pyobjc->PySideSix-Frameless-Window>=0.3.1->PySide6-Fluent-Widgets==1.5.4)
  Downloading pyobjc_framework_screencapturekit-11.1-cp39-cp39-macosx_10_9_universal2.whl.metadata (2.5 kB)
Collecting pyobjc-framework-Symbols==11.1 (from pyobjc->PySideSix-Frameless-Window>=0.3.1->PySide6-Fluent-Widgets==1.5.4)
  Downloading pyobjc_framework_symbols-11.1-py2.py3-none-any.whl.metadata (2.4 kB)
Collecting pyobjc-framework-SystemExtensions==11.1 (from pyobjc->PySideSix-Frameless-Window>=0.3.1->PySide6-Fluent-Widgets==1.5.4)
  Downloading pyobjc_framework_systemextensions-11.1-cp39-cp39-macosx_10_9_universal2.whl.metadata (2.5 kB)
Collecting pyobjc-framework-ThreadNetwork==11.1 (from pyobjc->PySideSix-Frameless-Window>=0.3.1->PySide6-Fluent-Widgets==1.5.4)
  Downloading pyobjc_framework_threadnetwork-11.1-py2.py3-none-any.whl.metadata (2.4 kB)
Collecting pyobjc-framework-UniformTypeIdentifiers==11.1 (from pyobjc->PySideSix-Frameless-Window>=0.3.1->PySide6-Fluent-Widgets==1.5.4)
  Downloading pyobjc_framework_uniformtypeidentifiers-11.1-py2.py3-none-any.whl.metadata (2.5 kB)
Collecting pyobjc-framework-UserNotifications==11.1 (from pyobjc->PySideSix-Frameless-Window>=0.3.1->PySide6-Fluent-Widgets==1.5.4)
  Downloading pyobjc_framework_usernotifications-11.1-cp39-cp39-macosx_10_9_universal2.whl.metadata (2.5 kB)
Collecting pyobjc-framework-UserNotificationsUI==11.1 (from pyobjc->PySideSix-Frameless-Window>=0.3.1->PySide6-Fluent-Widgets==1.5.4)
  Downloading pyobjc_framework_usernotificationsui-11.1-py2.py3-none-any.whl.metadata (2.6 kB)
Collecting pyobjc-framework-VideoSubscriberAccount==11.1 (from pyobjc->PySideSix-Frameless-Window>=0.3.1->PySide6-Fluent-Widgets==1.5.4)
  Downloading pyobjc_framework_videosubscriberaccount-11.1-py2.py3-none-any.whl.metadata (2.5 kB)
Collecting pyobjc-framework-VideoToolbox==11.1 (from pyobjc->PySideSix-Frameless-Window>=0.3.1->PySide6-Fluent-Widgets==1.5.4)
  Downloading pyobjc_framework_videotoolbox-11.1-cp39-cp39-macosx_10_9_universal2.whl.metadata (2.5 kB)
Collecting pyobjc-framework-Virtualization==11.1 (from pyobjc->PySideSix-Frameless-Window>=0.3.1->PySide6-Fluent-Widgets==1.5.4)
  Downloading pyobjc_framework_virtualization-11.1-cp39-cp39-macosx_10_9_universal2.whl.metadata (2.4 kB)
Collecting pyobjc-framework-Vision==11.1 (from pyobjc->PySideSix-Frameless-Window>=0.3.1->PySide6-Fluent-Widgets==1.5.4)
  Downloading pyobjc_framework_vision-11.1-cp39-cp39-macosx_10_9_universal2.whl.metadata (2.5 kB)
Collecting pyobjc-framework-iTunesLibrary==11.1 (from pyobjc->PySideSix-Frameless-Window>=0.3.1->PySide6-Fluent-Widgets==1.5.4)
  Downloading pyobjc_framework_ituneslibrary-11.1-py2.py3-none-any.whl.metadata (2.5 kB)
Downloading PySide6-6.5.2-cp37-abi3-macosx_10_9_universal2.whl (6.7 kB)
Downloading PySide6_Fluent_Widgets-1.5.4-py3-none-any.whl (1.5 MB)
   ━━━━━━━━━━━━━━━━━━━━━━━━━━━━━━━━━━━━━━━━ 1.5/1.5 MB 3.1 MB/s  0:00:00
Downloading pynput-1.7.6-py2.py3-none-any.whl (89 kB)
Downloading PySide6_Addons-6.5.2-cp37-abi3-macosx_10_9_universal2.whl (255.7 MB)
   ━━━━━━━━━━━━━━━━━━━━━━━━━━━━━━━━━━━━━━━━ 255.7/255.7 MB 17.2 MB/s  0:00:14
Downloading PySide6_Essentials-6.5.2-cp37-abi3-macosx_10_9_universal2.whl (144.4 MB)
   ━━━━━━━━━━━━━━━━━━━━━━━━━━━━━━━━━━━━━━━━ 144.4/144.4 MB 17.4 MB/s  0:00:08
Downloading shiboken6-6.5.2-cp37-abi3-macosx_10_9_universal2.whl (345 kB)
Downloading tendo-0.3.0-py3-none-any.whl (25 kB)
Downloading pyobjc_framework_applicationservices-11.1-cp39-cp39-macosx_10_9_universal2.whl (30 kB)
Downloading pyobjc_core-11.1-cp39-cp39-macosx_10_9_universal2.whl (677 kB)
   ━━━━━━━━━━━━━━━━━━━━━━━━━━━━━━━━━━━━━━━━ 677.1/677.1 kB 17.7 MB/s  0:00:00
Downloading pyobjc_framework_cocoa-11.1-cp39-cp39-macosx_10_9_universal2.whl (388 kB)
Downloading pyobjc_framework_coretext-11.1-cp39-cp39-macosx_10_9_universal2.whl (30 kB)
Downloading pyobjc_framework_quartz-11.1-cp39-cp39-macosx_10_9_universal2.whl (215 kB)
Downloading pysidesix_frameless_window-0.8.1-py3-none-any.whl (31 kB)
Downloading darkdetect-0.8.0-py3-none-any.whl (9.0 kB)
Downloading pycocoa-25.12.4-py2.py3-none-any.whl (227 kB)
Downloading pyobjc-11.1-py3-none-any.whl (4.2 kB)
Downloading pyobjc_framework_accessibility-11.1-cp39-cp39-macosx_10_9_universal2.whl (11 kB)
Downloading pyobjc_framework_accounts-11.1-py2.py3-none-any.whl (5.1 kB)
Downloading pyobjc_framework_addressbook-11.1-cp39-cp39-macosx_10_9_universal2.whl (13 kB)
Downloading pyobjc_framework_adservices-11.1-py2.py3-none-any.whl (3.5 kB)
Downloading pyobjc_framework_adsupport-11.1-py2.py3-none-any.whl (3.4 kB)
Downloading pyobjc_framework_applescriptkit-11.1-py2.py3-none-any.whl (4.3 kB)
Downloading pyobjc_framework_applescriptobjc-11.1-py2.py3-none-any.whl (4.4 kB)
Downloading pyobjc_framework_apptrackingtransparency-11.1-py2.py3-none-any.whl (3.9 kB)
Downloading pyobjc_framework_audiovideobridging-11.1-cp39-cp39-macosx_10_9_universal2.whl (11 kB)
Downloading pyobjc_framework_authenticationservices-11.1-cp39-cp39-macosx_10_9_universal2.whl (20 kB)
Downloading pyobjc_framework_automaticassessmentconfiguration-11.1-cp39-cp39-macosx_10_9_universal2.whl (9.2 kB)
Downloading pyobjc_framework_automator-11.1-cp39-cp39-macosx_10_9_universal2.whl (10 kB)
Downloading pyobjc_framework_avfoundation-11.1-cp39-cp39-macosx_10_9_universal2.whl (70 kB)
Downloading pyobjc_framework_avkit-11.1-cp39-cp39-macosx_10_9_universal2.whl (11 kB)
Downloading pyobjc_framework_avrouting-11.1-cp39-cp39-macosx_10_9_universal2.whl (8.2 kB)
Downloading pyobjc_framework_backgroundassets-11.1-cp39-cp39-macosx_10_9_universal2.whl (9.7 kB)
Downloading pyobjc_framework_browserenginekit-11.1-cp39-cp39-macosx_10_9_universal2.whl (11 kB)
Downloading pyobjc_framework_businesschat-11.1-py2.py3-none-any.whl (3.5 kB)
Downloading pyobjc_framework_calendarstore-11.1-py2.py3-none-any.whl (5.3 kB)
Downloading pyobjc_framework_callkit-11.1-cp39-cp39-macosx_10_9_universal2.whl (11 kB)
Downloading pyobjc_framework_carbon-11.1-py2.py3-none-any.whl (4.8 kB)
Downloading pyobjc_framework_cfnetwork-11.1-cp39-cp39-macosx_10_9_universal2.whl (18 kB)
Downloading pyobjc_framework_cinematic-11.1-py2.py3-none-any.whl (4.6 kB)
Downloading pyobjc_framework_classkit-11.1-cp39-cp39-macosx_10_9_universal2.whl (8.9 kB)
Downloading pyobjc_framework_cloudkit-11.1-py2.py3-none-any.whl (10 kB)
Downloading pyobjc_framework_collaboration-11.1-py2.py3-none-any.whl (4.9 kB)
Downloading pyobjc_framework_colorsync-11.1-py2.py3-none-any.whl (6.0 kB)
Downloading pyobjc_framework_contacts-11.1-cp39-cp39-macosx_10_9_universal2.whl (12 kB)
Downloading pyobjc_framework_contactsui-11.1-cp39-cp39-macosx_10_9_universal2.whl (7.9 kB)
Downloading pyobjc_framework_coreaudio-11.1-cp39-cp39-macosx_10_9_universal2.whl (35 kB)
Downloading pyobjc_framework_coreaudiokit-11.1-cp39-cp39-macosx_10_9_universal2.whl (7.2 kB)
Downloading pyobjc_framework_corebluetooth-11.1-cp39-cp39-macosx_10_9_universal2.whl (13 kB)
Downloading pyobjc_framework_coredata-11.1-cp39-cp39-macosx_10_9_universal2.whl (16 kB)
Downloading pyobjc_framework_corehaptics-11.1-py2.py3-none-any.whl (5.4 kB)
Downloading pyobjc_framework_corelocation-11.1-cp39-cp39-macosx_10_9_universal2.whl (12 kB)
Downloading pyobjc_framework_coremedia-11.1-cp39-cp39-macosx_10_9_universal2.whl (29 kB)
Downloading pyobjc_framework_coremediaio-11.1-cp39-cp39-macosx_10_9_universal2.whl (17 kB)
Downloading pyobjc_framework_coremidi-11.1-cp39-cp39-macosx_10_9_universal2.whl (24 kB)
Downloading pyobjc_framework_coreml-11.1-cp39-cp39-macosx_10_9_universal2.whl (11 kB)
Downloading pyobjc_framework_coremotion-11.1-cp39-cp39-macosx_10_9_universal2.whl (10 kB)
Downloading pyobjc_framework_coreservices-11.1-cp39-cp39-macosx_10_9_universal2.whl (30 kB)
Downloading pyobjc_framework_corespotlight-11.1-cp39-cp39-macosx_10_9_universal2.whl (9.9 kB)
Downloading pyobjc_framework_corewlan-11.1-cp39-cp39-macosx_10_9_universal2.whl (10.0 kB)
Downloading pyobjc_framework_cryptotokenkit-11.1-cp39-cp39-macosx_10_9_universal2.whl (12 kB)
Downloading pyobjc_framework_datadetection-11.1-py2.py3-none-any.whl (3.5 kB)
Downloading pyobjc_framework_devicecheck-11.1-py2.py3-none-any.whl (3.7 kB)
Downloading pyobjc_framework_devicediscoveryextension-11.1-py2.py3-none-any.whl (4.2 kB)
Downloading pyobjc_framework_dictionaryservices-11.1-py2.py3-none-any.whl (3.9 kB)
Downloading pyobjc_framework_discrecording-11.1-cp39-cp39-macosx_10_9_universal2.whl (14 kB)
Downloading pyobjc_framework_discrecordingui-11.1-py2.py3-none-any.whl (4.7 kB)
Downloading pyobjc_framework_diskarbitration-11.1-py2.py3-none-any.whl (4.8 kB)
Downloading pyobjc_framework_dvdplayback-11.1-py2.py3-none-any.whl (8.2 kB)
Downloading pyobjc_framework_eventkit-11.1-py2.py3-none-any.whl (6.8 kB)
Downloading pyobjc_framework_exceptionhandling-11.1-py2.py3-none-any.whl (7.1 kB)
Downloading pyobjc_framework_executionpolicy-11.1-py2.py3-none-any.whl (3.7 kB)
Downloading pyobjc_framework_extensionkit-11.1-cp39-cp39-macosx_10_9_universal2.whl (7.9 kB)
Downloading pyobjc_framework_externalaccessory-11.1-cp39-cp39-macosx_10_9_universal2.whl (8.9 kB)
Downloading pyobjc_framework_fileprovider-11.1-cp39-cp39-macosx_10_9_universal2.whl (19 kB)
Downloading pyobjc_framework_fileproviderui-11.1-py2.py3-none-any.whl (3.7 kB)
Downloading pyobjc_framework_findersync-11.1-py2.py3-none-any.whl (4.9 kB)
Downloading pyobjc_framework_fsevents-11.1-cp39-cp39-macosx_10_9_universal2.whl (13 kB)
Downloading pyobjc_framework_fskit-11.1-cp39-cp39-macosx_10_9_universal2.whl (19 kB)
Downloading pyobjc_framework_gamecenter-11.1-cp39-cp39-macosx_10_9_universal2.whl (18 kB)
Downloading pyobjc_framework_gamecontroller-11.1-cp39-cp39-macosx_10_9_universal2.whl (20 kB)
Downloading pyobjc_framework_gamekit-11.1-cp39-cp39-macosx_10_9_universal2.whl (21 kB)
Downloading pyobjc_framework_gameplaykit-11.1-cp39-cp39-macosx_10_9_universal2.whl (13 kB)
Downloading pyobjc_framework_healthkit-11.1-cp39-cp39-macosx_10_9_universal2.whl (20 kB)
Downloading pyobjc_framework_imagecapturecore-11.1-cp39-cp39-macosx_10_9_universal2.whl (15 kB)
Downloading pyobjc_framework_inputmethodkit-11.1-cp39-cp39-macosx_10_9_universal2.whl (9.5 kB)
Downloading pyobjc_framework_installerplugins-11.1-py2.py3-none-any.whl (4.8 kB)
Downloading pyobjc_framework_instantmessage-11.1-py2.py3-none-any.whl (5.4 kB)
Downloading pyobjc_framework_intents-11.1-cp39-cp39-macosx_10_9_universal2.whl (32 kB)
Downloading pyobjc_framework_intentsui-11.1-cp39-cp39-macosx_10_9_universal2.whl (8.9 kB)
Downloading pyobjc_framework_iobluetooth-11.1-cp39-cp39-macosx_10_9_universal2.whl (40 kB)
Downloading pyobjc_framework_iobluetoothui-11.1-py2.py3-none-any.whl (4.0 kB)
Downloading pyobjc_framework_iosurface-11.1-py2.py3-none-any.whl (4.9 kB)
Downloading pyobjc_framework_ituneslibrary-11.1-py2.py3-none-any.whl (5.2 kB)
Downloading pyobjc_framework_kernelmanagement-11.1-py2.py3-none-any.whl (3.7 kB)
Downloading pyobjc_framework_latentsemanticmapping-11.1-py2.py3-none-any.whl (5.5 kB)
Downloading pyobjc_framework_launchservices-11.1-py2.py3-none-any.whl (3.9 kB)
Downloading pyobjc_framework_libdispatch-11.1-cp39-cp39-macosx_10_9_universal2.whl (20 kB)
Downloading pyobjc_framework_libxpc-11.1-cp39-cp39-macosx_10_9_universal2.whl (19 kB)
Downloading pyobjc_framework_linkpresentation-11.1-py2.py3-none-any.whl (3.8 kB)
Downloading pyobjc_framework_localauthentication-11.1-cp39-cp39-macosx_10_9_universal2.whl (10 kB)
Downloading pyobjc_framework_localauthenticationembeddedui-11.1-py2.py3-none-any.whl (4.0 kB)
Downloading pyobjc_framework_mailkit-11.1-py2.py3-none-any.whl (4.9 kB)
Downloading pyobjc_framework_mapkit-11.1-cp39-cp39-macosx_10_9_universal2.whl (22 kB)
Downloading pyobjc_framework_mediaaccessibility-11.1-py2.py3-none-any.whl (4.7 kB)
Downloading pyobjc_framework_mediaextension-11.1-cp39-cp39-macosx_10_9_universal2.whl (38 kB)
Downloading pyobjc_framework_medialibrary-11.1-py2.py3-none-any.whl (4.3 kB)
Downloading pyobjc_framework_mediaplayer-11.1-py2.py3-none-any.whl (7.0 kB)
Downloading pyobjc_framework_mediatoolbox-11.1-cp39-cp39-macosx_10_9_universal2.whl (12 kB)
Downloading pyobjc_framework_metal-11.1-cp39-cp39-macosx_10_9_universal2.whl (58 kB)
Downloading pyobjc_framework_metalfx-11.1-cp39-cp39-macosx_10_9_universal2.whl (10 kB)
Downloading pyobjc_framework_metalkit-11.1-cp39-cp39-macosx_10_9_universal2.whl (8.7 kB)
Downloading pyobjc_framework_metalperformanceshaders-11.1-cp39-cp39-macosx_10_9_universal2.whl (32 kB)
Downloading pyobjc_framework_metalperformanceshadersgraph-11.1-py2.py3-none-any.whl (6.5 kB)
Downloading pyobjc_framework_metrickit-11.1-cp39-cp39-macosx_10_9_universal2.whl (8.1 kB)
Downloading pyobjc_framework_mlcompute-11.1-py2.py3-none-any.whl (6.8 kB)
Downloading pyobjc_framework_modelio-11.1-cp39-cp39-macosx_10_9_universal2.whl (20 kB)
Downloading pyobjc_framework_multipeerconnectivity-11.1-cp39-cp39-macosx_10_9_universal2.whl (11 kB)
Downloading pyobjc_framework_naturallanguage-11.1-py2.py3-none-any.whl (5.3 kB)
Downloading pyobjc_framework_netfs-11.1-py2.py3-none-any.whl (4.1 kB)
Downloading pyobjc_framework_network-11.1-cp39-cp39-macosx_10_9_universal2.whl (19 kB)
Downloading pyobjc_framework_networkextension-11.1-cp39-cp39-macosx_10_9_universal2.whl (14 kB)
Downloading pyobjc_framework_notificationcenter-11.1-cp39-cp39-macosx_10_9_universal2.whl (9.9 kB)
Downloading pyobjc_framework_opendirectory-11.1-py2.py3-none-any.whl (11 kB)
Downloading pyobjc_framework_osakit-11.1-py2.py3-none-any.whl (4.1 kB)
Downloading pyobjc_framework_oslog-11.1-cp39-cp39-macosx_10_9_universal2.whl (7.8 kB)
Downloading pyobjc_framework_passkit-11.1-cp39-cp39-macosx_10_9_universal2.whl (13 kB)
Downloading pyobjc_framework_pencilkit-11.1-py2.py3-none-any.whl (4.0 kB)
Downloading pyobjc_framework_phase-11.1-py2.py3-none-any.whl (6.8 kB)
Downloading pyobjc_framework_photos-11.1-cp39-cp39-macosx_10_9_universal2.whl (12 kB)
Downloading pyobjc_framework_photosui-11.1-cp39-cp39-macosx_10_9_universal2.whl (11 kB)
Downloading pyobjc_framework_preferencepanes-11.1-py2.py3-none-any.whl (4.8 kB)
Downloading pyobjc_framework_pushkit-11.1-cp39-cp39-macosx_10_9_universal2.whl (8.1 kB)
Downloading pyobjc_framework_quicklookthumbnailing-11.1-py2.py3-none-any.whl (4.2 kB)
Downloading pyobjc_framework_replaykit-11.1-cp39-cp39-macosx_10_9_universal2.whl (10 kB)
Downloading pyobjc_framework_safariservices-11.1-cp39-cp39-macosx_10_9_universal2.whl (7.3 kB)
Downloading pyobjc_framework_safetykit-11.1-cp39-cp39-macosx_10_9_universal2.whl (8.5 kB)
Downloading pyobjc_framework_scenekit-11.1-cp39-cp39-macosx_10_9_universal2.whl (33 kB)
Downloading pyobjc_framework_screencapturekit-11.1-cp39-cp39-macosx_10_9_universal2.whl (11 kB)
Downloading pyobjc_framework_screensaver-11.1-cp39-cp39-macosx_10_9_universal2.whl (8.5 kB)
Downloading pyobjc_framework_screentime-11.1-py2.py3-none-any.whl (3.9 kB)
Downloading pyobjc_framework_scriptingbridge-11.1-cp39-cp39-macosx_10_9_universal2.whl (8.3 kB)
Downloading pyobjc_framework_searchkit-11.1-py2.py3-none-any.whl (3.7 kB)
Downloading pyobjc_framework_security-11.1-cp39-cp39-macosx_10_9_universal2.whl (41 kB)
Downloading pyobjc_framework_securityfoundation-11.1-py2.py3-none-any.whl (3.8 kB)
Downloading pyobjc_framework_securityinterface-11.1-cp39-cp39-macosx_10_9_universal2.whl (10 kB)
Downloading pyobjc_framework_securityui-11.1-py2.py3-none-any.whl (3.6 kB)
Downloading pyobjc_framework_sensitivecontentanalysis-11.1-py2.py3-none-any.whl (3.9 kB)
Downloading pyobjc_framework_servicemanagement-11.1-py2.py3-none-any.whl (5.3 kB)
Downloading pyobjc_framework_sharedwithyou-11.1-cp39-cp39-macosx_10_9_universal2.whl (8.7 kB)
Downloading pyobjc_framework_sharedwithyoucore-11.1-cp39-cp39-macosx_10_9_universal2.whl (8.5 kB)
Downloading pyobjc_framework_shazamkit-11.1-cp39-cp39-macosx_10_9_universal2.whl (8.5 kB)
Downloading pyobjc_framework_social-11.1-py2.py3-none-any.whl (4.4 kB)
Downloading pyobjc_framework_soundanalysis-11.1-py2.py3-none-any.whl (4.2 kB)
Downloading pyobjc_framework_speech-11.1-cp39-cp39-macosx_10_9_universal2.whl (9.2 kB)
Downloading pyobjc_framework_spritekit-11.1-cp39-cp39-macosx_10_9_universal2.whl (17 kB)
Downloading pyobjc_framework_storekit-11.1-cp39-cp39-macosx_10_9_universal2.whl (11 kB)
Downloading pyobjc_framework_symbols-11.1-py2.py3-none-any.whl (3.3 kB)
Downloading pyobjc_framework_syncservices-11.1-cp39-cp39-macosx_10_9_universal2.whl (13 kB)
Downloading pyobjc_framework_systemconfiguration-11.1-cp39-cp39-macosx_10_9_universal2.whl (21 kB)
Downloading pyobjc_framework_systemextensions-11.1-cp39-cp39-macosx_10_9_universal2.whl (9.1 kB)
Downloading pyobjc_framework_threadnetwork-11.1-py2.py3-none-any.whl (3.8 kB)
Downloading pyobjc_framework_uniformtypeidentifiers-11.1-py2.py3-none-any.whl (4.9 kB)
Downloading pyobjc_framework_usernotifications-11.1-cp39-cp39-macosx_10_9_universal2.whl (9.6 kB)
Downloading pyobjc_framework_usernotificationsui-11.1-py2.py3-none-any.whl (3.9 kB)
Downloading pyobjc_framework_videosubscriberaccount-11.1-py2.py3-none-any.whl (4.7 kB)
Downloading pyobjc_framework_videotoolbox-11.1-cp39-cp39-macosx_10_9_universal2.whl (17 kB)
Downloading pyobjc_framework_virtualization-11.1-cp39-cp39-macosx_10_9_universal2.whl (13 kB)
Downloading pyobjc_framework_vision-11.1-cp39-cp39-macosx_10_9_universal2.whl (21 kB)
Downloading pyobjc_framework_webkit-11.1-cp39-cp39-macosx_10_9_universal2.whl (51 kB)
Using cached six-1.17.0-py2.py3-none-any.whl (11 kB)
Installing collected packages: PyCocoa, six, shiboken6, pyobjc-core, darkdetect, tendo, PySide6-Essentials, pyobjc-framework-Cocoa, PySide6-Addons, pyobjc-framework-WebKit, pyobjc-framework-Virtualization, pyobjc-framework-VideoSubscriberAccount, pyobjc-framework-UserNotifications, pyobjc-framework-UniformTypeIdentifiers, pyobjc-framework-ThreadNetwork, pyobjc-framework-SystemExtensions, pyobjc-framework-SystemConfiguration, pyobjc-framework-Symbols, pyobjc-framework-StoreKit, pyobjc-framework-Speech, pyobjc-framework-SoundAnalysis, pyobjc-framework-Social, pyobjc-framework-ShazamKit, pyobjc-framework-SharedWithYouCore, pyobjc-framework-ServiceManagement, pyobjc-framework-Security, pyobjc-framework-ScriptingBridge, pyobjc-framework-ScreenTime, pyobjc-framework-ScreenSaver, pyobjc-framework-SafariServices, pyobjc-framework-ReplayKit, pyobjc-framework-Quartz, pyobjc-framework-PushKit, pyobjc-framework-PreferencePanes, pyobjc-framework-PhotosUI, pyobjc-framework-Photos, pyobjc-framework-PencilKit, pyobjc-framework-PassKit, pyobjc-framework-OSAKit, pyobjc-framework-OpenDirectory, pyobjc-framework-NotificationCenter, pyobjc-framework-NetworkExtension, pyobjc-framework-Network, pyobjc-framework-NetFS, pyobjc-framework-NaturalLanguage, pyobjc-framework-MultipeerConnectivity, pyobjc-framework-MLCompute, pyobjc-framework-MetricKit, pyobjc-framework-Metal, pyobjc-framework-MediaToolbox, pyobjc-framework-MediaAccessibility, pyobjc-framework-MailKit, pyobjc-framework-libxpc, pyobjc-framework-libdispatch, pyobjc-framework-LatentSemanticMapping, pyobjc-framework-KernelManagement, pyobjc-framework-iTunesLibrary, pyobjc-framework-IOSurface, pyobjc-framework-IOBluetooth, pyobjc-framework-Intents, pyobjc-framework-InstallerPlugins, pyobjc-framework-InputMethodKit, pyobjc-framework-ImageCaptureCore, pyobjc-framework-HealthKit, pyobjc-framework-GameController, pyobjc-framework-GameCenter, pyobjc-framework-FSKit, pyobjc-framework-FSEvents, pyobjc-framework-FinderSync, pyobjc-framework-FileProvider, pyobjc-framework-ExternalAccessory, pyobjc-framework-ExtensionKit, pyobjc-framework-ExecutionPolicy, pyobjc-framework-ExceptionHandling, pyobjc-framework-EventKit, pyobjc-framework-DVDPlayback, pyobjc-framework-DiskArbitration, pyobjc-framework-DiscRecording, pyobjc-framework-DeviceDiscoveryExtension, pyobjc-framework-DeviceCheck, pyobjc-framework-DataDetection, pyobjc-framework-CryptoTokenKit, pyobjc-framework-CoreWLAN, pyobjc-framework-CoreSpotlight, pyobjc-framework-CoreMotion, pyobjc-framework-CoreML, pyobjc-framework-CoreMIDI, pyobjc-framework-CoreMediaIO, pyobjc-framework-CoreMedia, pyobjc-framework-CoreLocation, pyobjc-framework-CoreHaptics, pyobjc-framework-CoreData, pyobjc-framework-CoreBluetooth, pyobjc-framework-CoreAudio, pyobjc-framework-Contacts, pyobjc-framework-ColorSync, pyobjc-framework-Collaboration, pyobjc-framework-ClassKit, pyobjc-framework-CFNetwork, pyobjc-framework-Carbon, pyobjc-framework-CallKit, pyobjc-framework-CalendarStore, pyobjc-framework-BusinessChat, pyobjc-framework-BackgroundAssets, pyobjc-framework-AVRouting, pyobjc-framework-Automator, pyobjc-framework-AutomaticAssessmentConfiguration, pyobjc-framework-AuthenticationServices, pyobjc-framework-AudioVideoBridging, pyobjc-framework-AppTrackingTransparency, pyobjc-framework-AppleScriptObjC, pyobjc-framework-AppleScriptKit, pyobjc-framework-AdSupport, pyobjc-framework-AdServices, pyobjc-framework-AddressBook, pyobjc-framework-Accounts, pyside6, pyobjc-framework-Vision, pyobjc-framework-VideoToolbox, pyobjc-framework-UserNotificationsUI, pyobjc-framework-SyncServices, pyobjc-framework-SpriteKit, pyobjc-framework-SharedWithYou, pyobjc-framework-SensitiveContentAnalysis, pyobjc-framework-SecurityUI, pyobjc-framework-SecurityInterface, pyobjc-framework-SecurityFoundation, pyobjc-framework-ScreenCaptureKit, pyobjc-framework-SceneKit, pyobjc-framework-SafetyKit, pyobjc-framework-QuickLookThumbnailing, pyobjc-framework-OSLog, pyobjc-framework-ModelIO, pyobjc-framework-MetalPerformanceShaders, pyobjc-framework-MetalKit, pyobjc-framework-MetalFX, pyobjc-framework-MediaLibrary, pyobjc-framework-MapKit, pyobjc-framework-LocalAuthentication, pyobjc-framework-LinkPresentation, pyobjc-framework-IOBluetoothUI, pyobjc-framework-IntentsUI, pyobjc-framework-InstantMessage, pyobjc-framework-GameKit, pyobjc-framework-FileProviderUI, pyobjc-framework-DiscRecordingUI, pyobjc-framework-CoreText, pyobjc-framework-CoreServices, pyobjc-framework-CoreAudioKit, pyobjc-framework-ContactsUI, pyobjc-framework-CloudKit, pyobjc-framework-BrowserEngineKit, pyobjc-framework-AVKit, pyobjc-framework-AVFoundation, pyobjc-framework-Accessibility, pyobjc-framework-SearchKit, pyobjc-framework-PHASE, pyobjc-framework-MetalPerformanceShadersGraph, pyobjc-framework-MediaPlayer, pyobjc-framework-MediaExtension, pyobjc-framework-LocalAuthenticationEmbeddedUI, pyobjc-framework-LaunchServices, pyobjc-framework-GameplayKit, pyobjc-framework-DictionaryServices, pyobjc-framework-Cinematic, pyobjc-framework-ApplicationServices, pyobjc, pynput, PySideSix-Frameless-Window, PySide6-Fluent-Widgets

Successfully installed PyCocoa-25.12.4 PySide6-Addons-6.5.2 PySide6-Essentials-6.5.2 PySide6-Fluent-Widgets-1.5.4 PySideSix-Frameless-Window-0.8.1 darkdetect-0.8.0 pynput-1.7.6 pyobjc-11.1 pyobjc-core-11.1 pyobjc-framework-AVFoundation-11.1 pyobjc-framework-AVKit-11.1 pyobjc-framework-AVRouting-11.1 pyobjc-framework-Accessibility-11.1 pyobjc-framework-Accounts-11.1 pyobjc-framework-AdServices-11.1 pyobjc-framework-AdSupport-11.1 pyobjc-framework-AddressBook-11.1 pyobjc-framework-AppTrackingTransparency-11.1 pyobjc-framework-AppleScriptKit-11.1 pyobjc-framework-AppleScriptObjC-11.1 pyobjc-framework-ApplicationServices-11.1 pyobjc-framework-AudioVideoBridging-11.1 pyobjc-framework-AuthenticationServices-11.1 pyobjc-framework-AutomaticAssessmentConfiguration-11.1 pyobjc-framework-Automator-11.1 pyobjc-framework-BackgroundAssets-11.1 pyobjc-framework-BrowserEngineKit-11.1 pyobjc-framework-BusinessChat-11.1 pyobjc-framework-CFNetwork-11.1 pyobjc-framework-CalendarStore-11.1 pyobjc-framework-CallKit-11.1 pyobjc-framework-Carbon-11.1 pyobjc-framework-Cinematic-11.1 pyobjc-framework-ClassKit-11.1 pyobjc-framework-CloudKit-11.1 pyobjc-framework-Cocoa-11.1 pyobjc-framework-Collaboration-11.1 pyobjc-framework-ColorSync-11.1 pyobjc-framework-Contacts-11.1 pyobjc-framework-ContactsUI-11.1 pyobjc-framework-CoreAudio-11.1 pyobjc-framework-CoreAudioKit-11.1 pyobjc-framework-CoreBluetooth-11.1 pyobjc-framework-CoreData-11.1 pyobjc-framework-CoreHaptics-11.1 pyobjc-framework-CoreLocation-11.1 pyobjc-framework-CoreMIDI-11.1 pyobjc-framework-CoreML-11.1 pyobjc-framework-CoreMedia-11.1 pyobjc-framework-CoreMediaIO-11.1 pyobjc-framework-CoreMotion-11.1 pyobjc-framework-CoreServices-11.1 pyobjc-framework-CoreSpotlight-11.1 pyobjc-framework-CoreText-11.1 pyobjc-framework-CoreWLAN-11.1 pyobjc-framework-CryptoTokenKit-11.1 pyobjc-framework-DVDPlayback-11.1 pyobjc-framework-DataDetection-11.1 pyobjc-framework-DeviceCheck-11.1 pyobjc-framework-DeviceDiscoveryExtension-11.1 pyobjc-framework-DictionaryServices-11.1 pyobjc-framework-DiscRecording-11.1 pyobjc-framework-DiscRecordingUI-11.1 pyobjc-framework-DiskArbitration-11.1 pyobjc-framework-EventKit-11.1 pyobjc-framework-ExceptionHandling-11.1 pyobjc-framework-ExecutionPolicy-11.1 pyobjc-framework-ExtensionKit-11.1 pyobjc-framework-ExternalAccessory-11.1 pyobjc-framework-FSEvents-11.1 pyobjc-framework-FSKit-11.1 pyobjc-framework-FileProvider-11.1 pyobjc-framework-FileProviderUI-11.1 pyobjc-framework-FinderSync-11.1 pyobjc-framework-GameCenter-11.1 pyobjc-framework-GameController-11.1 pyobjc-framework-GameKit-11.1 pyobjc-framework-GameplayKit-11.1 pyobjc-framework-HealthKit-11.1 pyobjc-framework-IOBluetooth-11.1 pyobjc-framework-IOBluetoothUI-11.1 pyobjc-framework-IOSurface-11.1 pyobjc-framework-ImageCaptureCore-11.1 pyobjc-framework-InputMethodKit-11.1 pyobjc-framework-InstallerPlugins-11.1 pyobjc-framework-InstantMessage-11.1 pyobjc-framework-Intents-11.1 pyobjc-framework-IntentsUI-11.1 pyobjc-framework-KernelManagement-11.1 pyobjc-framework-LatentSemanticMapping-11.1 pyobjc-framework-LaunchServices-11.1 pyobjc-framework-LinkPresentation-11.1 pyobjc-framework-LocalAuthentication-11.1 pyobjc-framework-LocalAuthenticationEmbeddedUI-11.1 pyobjc-framework-MLCompute-11.1 pyobjc-framework-MailKit-11.1 pyobjc-framework-MapKit-11.1 pyobjc-framework-MediaAccessibility-11.1 pyobjc-framework-MediaExtension-11.1 pyobjc-framework-MediaLibrary-11.1 pyobjc-framework-MediaPlayer-11.1 pyobjc-framework-MediaToolbox-11.1 pyobjc-framework-Metal-11.1 pyobjc-framework-MetalFX-11.1 pyobjc-framework-MetalKit-11.1 pyobjc-framework-MetalPerformanceShaders-11.1 pyobjc-framework-MetalPerformanceShadersGraph-11.1 pyobjc-framework-MetricKit-11.1 pyobjc-framework-ModelIO-11.1 pyobjc-framework-MultipeerConnectivity-11.1 pyobjc-framework-NaturalLanguage-11.1 pyobjc-framework-NetFS-11.1 pyobjc-framework-Network-11.1 pyobjc-framework-NetworkExtension-11.1 pyobjc-framework-NotificationCenter-11.1 pyobjc-framework-OSAKit-11.1 pyobjc-framework-OSLog-11.1 pyobjc-framework-OpenDirectory-11.1 pyobjc-framework-PHASE-11.1 pyobjc-framework-PassKit-11.1 pyobjc-framework-PencilKit-11.1 pyobjc-framework-Photos-11.1 pyobjc-framework-PhotosUI-11.1 pyobjc-framework-PreferencePanes-11.1 pyobjc-framework-PushKit-11.1 pyobjc-framework-Quartz-11.1 pyobjc-framework-QuickLookThumbnailing-11.1 pyobjc-framework-ReplayKit-11.1 pyobjc-framework-SafariServices-11.1 pyobjc-framework-SafetyKit-11.1 pyobjc-framework-SceneKit-11.1 pyobjc-framework-ScreenCaptureKit-11.1 pyobjc-framework-ScreenSaver-11.1 pyobjc-framework-ScreenTime-11.1 pyobjc-framework-ScriptingBridge-11.1 pyobjc-framework-SearchKit-11.1 pyobjc-framework-Security-11.1 pyobjc-framework-SecurityFoundation-11.1 pyobjc-framework-SecurityInterface-11.1 pyobjc-framework-SecurityUI-11.1 pyobjc-framework-SensitiveContentAnalysis-11.1 pyobjc-framework-ServiceManagement-11.1 pyobjc-framework-SharedWithYou-11.1 pyobjc-framework-SharedWithYouCore-11.1 pyobjc-framework-ShazamKit-11.1 pyobjc-framework-Social-11.1 pyobjc-framework-SoundAnalysis-11.1 pyobjc-framework-Speech-11.1 pyobjc-framework-SpriteKit-11.1 pyobjc-framework-StoreKit-11.1 pyobjc-framework-Symbols-11.1 pyobjc-framework-SyncServices-11.1 pyobjc-framework-SystemConfiguration-11.1 pyobjc-framework-SystemExtensions-11.1 pyobjc-framework-ThreadNetwork-11.1 pyobjc-framework-UniformTypeIdentifiers-11.1 pyobjc-framework-UserNotifications-11.1 pyobjc-framework-UserNotificationsUI-11.1 pyobjc-framework-VideoSubscriberAccount-11.1 pyobjc-framework-VideoToolbox-11.1 pyobjc-framework-Virtualization-11.1 pyobjc-framework-Vision-11.1 pyobjc-framework-WebKit-11.1 pyobjc-framework-iTunesLibrary-11.1 pyobjc-framework-libdispatch-11.1 pyobjc-framework-libxpc-11.1 pyside6-6.5.2 shiboken6-6.5.2 six-1.17.0 tendo-0.3.0
